I'm sorry, but errors were detected in your script. Please correct the
errors listed below, and try again.


File "game/script.rpy", line 37: end of line expected.
    scene bg purple.png
                   ^

Ren'Py Version: Ren'Py 7.3.5.606
Fri Mar 13 17:59:07 2020
